<?xml version="1.0"?>
<testsuite name="Firefox 75.0 (Ubuntu 0.0.0)" package="" timestamp="2020-04-26T04:27:16" id="0" hostname="ubuntu" tests="3" errors="0" failures="1" time="0.084">
  <properties>
    <property name="browser.fullName" value="Mozilla/5.0 (X11; Ubuntu; Linux x86_64; rv:75.0) Gecko/20100101 Firefox/75.0"/>
  </properties>
  <testcase name="AppComponent should render title" time="0.055" classname="AppComponent">
    <failure type="">TypeError: compiled.querySelector(...) is null in http://localhost:9876/_karma_webpack_/main.js (line 561)
./src/app/app.component.spec.ts/&lt;/&lt;@http://localhost:9876/_karma_webpack_/main.js:561:25
invoke@http://localhost:9876/_karma_webpack_/polyfills.js:3836:30
./node_modules/zone.js/dist/zone-testing.js/&lt;/&lt;/ProxyZoneSpec.prototype.onInvoke@http://localhost:9876/_karma_webpack_/vendor.js:110467:43
invoke@http://localhost:9876/_karma_webpack_/polyfills.js:3835:36
run@http://localhost:9876/_karma_webpack_/polyfills.js:3595:47
runInTestZone@http://localhost:9876/_karma_webpack_/vendor.js:110720:38
wrapTestInZone/&lt;@http://localhost:9876/_karma_webpack_/vendor.js:110735:24
&lt;Jasmine&gt;
runInTestZone/&lt;/testZoneSpec&lt;/&lt;@http://localhost:9876/_karma_webpack_/vendor.js:111316:51
invoke@http://localhost:9876/_karma_webpack_/polyfills.js:3836:30
./node_modules/zone.js/dist/zone-testing.js/&lt;/&lt;/ProxyZoneSpec.prototype.onInvoke@http://localhost:9876/_karma_webpack_/vendor.js:110467:43
invoke@http://localhost:9876/_karma_webpack_/polyfills.js:3835:36
run@http://localhost:9876/_karma_webpack_/polyfills.js:3595:47
runInTestZone/&lt;/testZoneSpec&lt;@http://localhost:9876/_karma_webpack_/vendor.js:111316:33
./node_modules/zone.js/dist/zone-testing.js/&lt;/&lt;/AsyncTestZoneSpec.prototype._finishCallbackIfDone/&lt;/&lt;@http://localhost:9876/_karma_webpack_/vendor.js:111150:39
invokeTask@http://localhost:9876/_karma_webpack_/polyfills.js:3871:35
runTask@http://localhost:9876/_karma_webpack_/polyfills.js:3639:51
invokeTask@http://localhost:9876/_karma_webpack_/polyfills.js:3952:38
ZoneTask/this.invoke@http://localhost:9876/_karma_webpack_/polyfills.js:3941:52
timer@http://localhost:9876/_karma_webpack_/polyfills.js:6024:33
</failure>
  </testcase>
  <testcase name="AppComponent should have as title 'ng-teddystrations-players'" time="0.015" classname="AppComponent"/>
  <testcase name="AppComponent should create the app" time="0.014" classname="AppComponent"/>
  <system-out>
    <![CDATA[
]]>
  </system-out>
  <system-err/>
</testsuite>